Reusing configuration cache.
> Task :app:preBuild UP-TO-DATE
> Task :app:checkKotlinGradlePluginConfigurationErrors SKIPPED
> Task :app:preDebugBuild UP-TO-DATE
> Task :app:mergeDebugNativeDebugMetadata NO-SOURCE
> Task :app:createDebugCompatibleScreenManifests
> Task :app:generateDebugBuildConfig FROM-CACHE
> Task :app:generateDebugResValues
> Task :app:generateDebugResources FROM-CACHE
> Task :app:mapDebugSourceSetPaths
> Task :app:checkDebugAarMetadata
> Task :app:packageDebugResources FROM-CACHE
> Task :app:mergeDebugResources FROM-CACHE
> Task :app:javaPreCompileDebug
> Task :app:parseDebugLocalResources FROM-CACHE
> Task :app:extractDeepLinksDebug
> Task :app:desugarDebugFileDependencies
> Task :app:processDebugMainManifest FROM-CACHE
> Task :app:processDebugManifest FROM-CACHE
> Task :app:mergeDebugJniLibFolders
> Task :app:mergeDebugShaders
> Task :app:compileDebugShaders NO-SOURCE
> Task :app:generateDebugAssets UP-TO-DATE
> Task :app:processDebugManifestForPackage FROM-CACHE
> Task :app:mergeDebugAssets
> Task :app:compressDebugAssets
> Task :app:processDebugResources FROM-CACHE
> Task :app:mergeDebugNativeLibs
> Task :app:validateSigningDebug
> Task :app:writeDebugAppMetadata
> Task :app:writeDebugSigningConfigVersions
> Task :app:checkDebugDuplicateClasses

> Task :app:stripDebugDebugSymbols
[CXX1101] NDK at W:\jdk-sdk-ndk-ant\sdk\ndk-bundle did not have a source.properties file
[CXX1101] NDK at W:\jdk-sdk-ndk-ant\sdk\ndk-bundle did not have a source.properties file
[CXX1101] NDK at W:\jdk-sdk-ndk-ant\sdk\ndk-bundle did not have a source.properties file
[CXX1101] NDK at W:\jdk-sdk-ndk-ant\sdk\ndk-bundle did not have a source.properties file
[CXX1101] NDK at W:\jdk-sdk-ndk-ant\sdk\ndk-bundle did not have a source.properties file
[CXX1101] NDK at W:\jdk-sdk-ndk-ant\sdk\ndk-bundle did not have a source.properties file
[CXX1101] NDK at W:\jdk-sdk-ndk-ant\sdk\ndk-bundle did not have a source.properties file
[CXX1101] NDK at W:\jdk-sdk-ndk-ant\sdk\ndk-bundle did not have a source.properties file
[CXX1101] NDK at W:\jdk-sdk-ndk-ant\sdk\ndk-bundle did not have a source.properties file
[CXX1101] NDK at W:\jdk-sdk-ndk-ant\sdk\ndk-bundle did not have a source.properties file
[CXX1101] NDK at W:\jdk-sdk-ndk-ant\sdk\ndk-bundle did not have a source.properties file
[CXX1101] NDK at W:\jdk-sdk-ndk-ant\sdk\ndk-bundle did not have a source.properties file
Unable to strip the following libraries, packaging them as they are: libandroidx.graphics.path.so, libimage_processing_util_jni.so, libsurface_util_jni.so.

> Task :app:mergeLibDexDebug

> Task :app:kspDebugKotlin FAILED
w: [ksp] D:/ai/droidcloud-ide/app/src/main/java/com/ccsoft/alarm/db/AlarmDatabase.kt:23: Schema export directory was not provided to the annotation processor so Room cannot export the schema. You can either provide `room.schemaLocation` annotation processor argument by applying the Room Gradle plugin (id 'androidx.room') OR set exportSchema to false.
e: file:///D:/ai/droidcloud-ide/app/src/main/java/com/ccsoft/alarm/alarm/AlarmGuardService.kt:588:1 Expecting a top level declaration

> Task :app:mergeExtDexDebug

FAILURE: Build failed with an exception.

* What went wrong:
Execution failed for task ':app:kspDebugKotlin'.
> A failure occurred while executing org.jetbrains.kotlin.compilerRunner.GradleCompilerRunnerWithWorkers$GradleKotlinCompilerWorkAction
   > Compilation error. See log for more details

* Try:
> Run with --stacktrace option to get the stack trace.
> Run with --info or --debug option to get more log output.
> Run with --scan to get full insights.
> Get more help at https://help.gradle.org.

BUILD FAILED in 13s
29 actionable tasks: 20 executed, 9 from cache
Configuration cache entry reused.
